// Jest Snapshot v1, https://goo.gl/fbAQLP

exports[`renders correctly 1`] = `
<View
  style={
    Object {
      "alignItems": "center",
      "backgroundColor": "#FFFFFF",
      "borderColor": "#CFAE70",
      "borderWidth": 3,
      "height": 40,
      "justifyContent": "center",
      "marginBottom": 5,
      "marginLeft": 15,
      "marginRight": 15,
      "marginTop": 5,
      "padding": 5,
      "width": 300,
    }
  }
>
  <Text
    style={
      Object {
        "color": "#1C1C1C",
        "fontFamily": "LibreCaslonText_400Regular",
      }
    }
  />
</View>
`;
