// Jest Snapshot v1, https://goo.gl/fbAQLP

exports[`renders correctly 1`] = `
<RCTSafeAreaView
  emulateUnlessSupported={true}
  style={
    Object {
      "alignItems": "center",
      "backgroundColor": "#1C1C1C",
      "height": "100%",
    }
  }
>
  <View
    style={
      Object {
        "alignItems": "center",
        "flexDirection": "row",
        "justifyContent": "space-between",
        "position": "absolute",
        "top": 45,
        "width": "90%",
      }
    }
  >
    <View
      accessible={true}
      collapsable={false}
      focusable={true}
      onClick={[Function]}
      onResponderGrant={[Function]}
      onResponderMove={[Function]}
      onResponderRelease={[Function]}
      onResponderTerminate={[Function]}
      onResponderTerminationRequest={[Function]}
      onStartShouldSetResponder={[Function]}
      style={
        Object {
          "opacity": 1,
          "padding": 10,
        }
      }
    >
      <Text
        style={
          Object {
            "color": "#FFFFFF",
            "fontSize": 28,
            "fontWeight": "bold",
          }
        }
      >
        ‚Üê
      </Text>
    </View>
  </View>
  <Text
    style={
      Object {
        "color": "#FFFFFF",
        "fontFamily": "LibreCaslonText_700Bold",
        "fontSize": 20,
        "marginBottom": 15,
        "marginTop": 15,
      }
    }
  >
    Rand Dining Hall
  </Text>
  <RCTScrollView>
    <View>
      <View>
        <Text
          style={
            Object {
              "borderColor": "#CFAE70",
              "borderWidth": 3,
              "color": "#FFFFFF",
              "fontFamily": "LibreCaslonText_700Bold",
              "fontSize": 18,
              "marginBottom": 5,
              "marginLeft": 15,
              "marginRight": 15,
              "marginTop": 20,
              "padding": 5,
              "textAlign": "center",
              "width": 300,
            }
          }
        >
          Breakfast
        </Text>
        <View
          style={
            Object {
              "alignItems": "center",
              "backgroundColor": "#FFFFFF",
              "borderColor": "#CFAE70",
              "borderWidth": 3,
              "height": 40,
              "justifyContent": "center",
              "marginBottom": 5,
              "marginLeft": 15,
              "marginRight": 15,
              "marginTop": 5,
              "padding": 5,
              "width": 300,
            }
          }
        >
          <Text
            style={
              Object {
                "color": "#1C1C1C",
                "fontFamily": "LibreCaslonText_400Regular",
              }
            }
          >
            Banana Cakes
          </Text>
        </View>
        <View
          style={
            Object {
              "alignItems": "center",
              "backgroundColor": "#FFFFFF",
              "borderColor": "#CFAE70",
              "borderWidth": 3,
              "height": 40,
              "justifyContent": "center",
              "marginBottom": 5,
              "marginLeft": 15,
              "marginRight": 15,
              "marginTop": 5,
              "padding": 5,
              "width": 300,
            }
          }
        >
          <Text
            style={
              Object {
                "color": "#1C1C1C",
                "fontFamily": "LibreCaslonText_400Regular",
              }
            }
          >
            Green Beans
          </Text>
        </View>
        <View
          style={
            Object {
              "alignItems": "center",
              "backgroundColor": "#FFFFFF",
              "borderColor": "#CFAE70",
              "borderWidth": 3,
              "height": 40,
              "justifyContent": "center",
              "marginBottom": 5,
              "marginLeft": 15,
              "marginRight": 15,
              "marginTop": 5,
              "padding": 5,
              "width": 300,
            }
          }
        >
          <Text
            style={
              Object {
                "color": "#1C1C1C",
                "fontFamily": "LibreCaslonText_400Regular",
              }
            }
          >
            Vegan Chili
          </Text>
        </View>
        <View
          style={
            Object {
              "alignItems": "center",
              "backgroundColor": "#FFFFFF",
              "borderColor": "#CFAE70",
              "borderWidth": 3,
              "height": 40,
              "justifyContent": "center",
              "marginBottom": 5,
              "marginLeft": 15,
              "marginRight": 15,
              "marginTop": 5,
              "padding": 5,
              "width": 300,
            }
          }
        >
          <Text
            style={
              Object {
                "color": "#1C1C1C",
                "fontFamily": "LibreCaslonText_400Regular",
              }
            }
          >
            Sloppy Joe
          </Text>
        </View>
      </View>
      <View>
        <Text
          style={
            Object {
              "borderColor": "#CFAE70",
              "borderWidth": 3,
              "color": "#FFFFFF",
              "fontFamily": "LibreCaslonText_700Bold",
              "fontSize": 18,
              "marginBottom": 5,
              "marginLeft": 15,
              "marginRight": 15,
              "marginTop": 20,
              "padding": 5,
              "textAlign": "center",
              "width": 300,
            }
          }
        >
          Breakfast
        </Text>
        <View
          style={
            Object {
              "alignItems": "center",
              "backgroundColor": "#FFFFFF",
              "borderColor": "#CFAE70",
              "borderWidth": 3,
              "height": 40,
              "justifyContent": "center",
              "marginBottom": 5,
              "marginLeft": 15,
              "marginRight": 15,
              "marginTop": 5,
              "padding": 5,
              "width": 300,
            }
          }
        >
          <Text
            style={
              Object {
                "color": "#1C1C1C",
                "fontFamily": "LibreCaslonText_400Regular",
              }
            }
          >
            Banana Cakes
          </Text>
        </View>
        <View
          style={
            Object {
              "alignItems": "center",
              "backgroundColor": "#FFFFFF",
              "borderColor": "#CFAE70",
              "borderWidth": 3,
              "height": 40,
              "justifyContent": "center",
              "marginBottom": 5,
              "marginLeft": 15,
              "marginRight": 15,
              "marginTop": 5,
              "padding": 5,
              "width": 300,
            }
          }
        >
          <Text
            style={
              Object {
                "color": "#1C1C1C",
                "fontFamily": "LibreCaslonText_400Regular",
              }
            }
          >
            Green Beans
          </Text>
        </View>
        <View
          style={
            Object {
              "alignItems": "center",
              "backgroundColor": "#FFFFFF",
              "borderColor": "#CFAE70",
              "borderWidth": 3,
              "height": 40,
              "justifyContent": "center",
              "marginBottom": 5,
              "marginLeft": 15,
              "marginRight": 15,
              "marginTop": 5,
              "padding": 5,
              "width": 300,
            }
          }
        >
          <Text
            style={
              Object {
                "color": "#1C1C1C",
                "fontFamily": "LibreCaslonText_400Regular",
              }
            }
          >
            Vegan Chili
          </Text>
        </View>
        <View
          style={
            Object {
              "alignItems": "center",
              "backgroundColor": "#FFFFFF",
              "borderColor": "#CFAE70",
              "borderWidth": 3,
              "height": 40,
              "justifyContent": "center",
              "marginBottom": 5,
              "marginLeft": 15,
              "marginRight": 15,
              "marginTop": 5,
              "padding": 5,
              "width": 300,
            }
          }
        >
          <Text
            style={
              Object {
                "color": "#1C1C1C",
                "fontFamily": "LibreCaslonText_400Regular",
              }
            }
          >
            Sloppy Joe
          </Text>
        </View>
      </View>
      <View>
        <Text
          style={
            Object {
              "borderColor": "#CFAE70",
              "borderWidth": 3,
              "color": "#FFFFFF",
              "fontFamily": "LibreCaslonText_700Bold",
              "fontSize": 18,
              "marginBottom": 5,
              "marginLeft": 15,
              "marginRight": 15,
              "marginTop": 20,
              "padding": 5,
              "textAlign": "center",
              "width": 300,
            }
          }
        >
          Breakfast
        </Text>
        <View
          style={
            Object {
              "alignItems": "center",
              "backgroundColor": "#FFFFFF",
              "borderColor": "#CFAE70",
              "borderWidth": 3,
              "height": 40,
              "justifyContent": "center",
              "marginBottom": 5,
              "marginLeft": 15,
              "marginRight": 15,
              "marginTop": 5,
              "padding": 5,
              "width": 300,
            }
          }
        >
          <Text
            style={
              Object {
                "color": "#1C1C1C",
                "fontFamily": "LibreCaslonText_400Regular",
              }
            }
          >
            Banana Cakes
          </Text>
        </View>
        <View
          style={
            Object {
              "alignItems": "center",
              "backgroundColor": "#FFFFFF",
              "borderColor": "#CFAE70",
              "borderWidth": 3,
              "height": 40,
              "justifyContent": "center",
              "marginBottom": 5,
              "marginLeft": 15,
              "marginRight": 15,
              "marginTop": 5,
              "padding": 5,
              "width": 300,
            }
          }
        >
          <Text
            style={
              Object {
                "color": "#1C1C1C",
                "fontFamily": "LibreCaslonText_400Regular",
              }
            }
          >
            Green Beans
          </Text>
        </View>
        <View
          style={
            Object {
              "alignItems": "center",
              "backgroundColor": "#FFFFFF",
              "borderColor": "#CFAE70",
              "borderWidth": 3,
              "height": 40,
              "justifyContent": "center",
              "marginBottom": 5,
              "marginLeft": 15,
              "marginRight": 15,
              "marginTop": 5,
              "padding": 5,
              "width": 300,
            }
          }
        >
          <Text
            style={
              Object {
                "color": "#1C1C1C",
                "fontFamily": "LibreCaslonText_400Regular",
              }
            }
          >
            Vegan Chili
          </Text>
        </View>
        <View
          style={
            Object {
              "alignItems": "center",
              "backgroundColor": "#FFFFFF",
              "borderColor": "#CFAE70",
              "borderWidth": 3,
              "height": 40,
              "justifyContent": "center",
              "marginBottom": 5,
              "marginLeft": 15,
              "marginRight": 15,
              "marginTop": 5,
              "padding": 5,
              "width": 300,
            }
          }
        >
          <Text
            style={
              Object {
                "color": "#1C1C1C",
                "fontFamily": "LibreCaslonText_400Regular",
              }
            }
          >
            Sloppy Joe
          </Text>
        </View>
      </View>
    </View>
  </RCTScrollView>
</RCTSafeAreaView>
`;
