// Jest Snapshot v1, https://goo.gl/fbAQLP

exports[`renders correctly 1`] = `
<View
  style={
    Object {
      "alignItems": "center",
      "backgroundColor": "#1C1C1C",
      "flex": 1,
      "justifyContent": "center",
    }
  }
>
  <Image
    source={1}
    style={
      Object {
        "height": 50,
        "width": 172,
      }
    }
  />
  <View
    style={
      Object {
        "alignItems": "center",
        "bottom": 35,
        "position": "absolute",
      }
    }
  >
    <Text
      style={
        Object {
          "color": "#FFFFFF",
          "fontSize": 12,
          "fontWeight": "bold",
        }
      }
    >
      from
    </Text>
    <Text
      style={
        Object {
          "color": "#CFAE70",
          "fontSize": 14,
          "fontWeight": "bold",
        }
      }
    >
      Vanderbilt Student Government
    </Text>
  </View>
</View>
`;
